

================================================================
== Vitis HLS Report for 'KalmanFilterKernel'
================================================================
* Date:           Sat Nov 26 17:57:18 2022

* Version:        2020.2 (Build 3064766 on Wed Nov 18 09:12:47 MST 2020)
* Project:        KF_kernel
* Solution:       solution1 (Vivado IP Flow Target)
* Product family: zynquplus
* Target device:  xczu3eg-sbva484-1-i


================================================================
== Performance Estimates
================================================================
+ Timing: 
    * Summary: 
    +--------+----------+----------+------------+
    |  Clock |  Target  | Estimated| Uncertainty|
    +--------+----------+----------+------------+
    |ap_clk  |  10.00 ns|  6.808 ns|     2.70 ns|
    +--------+----------+----------+------------+

+ Latency: 
    * Summary: 
    +---------+---------+-----------+-----------+---------+---------+---------+
    |  Latency (cycles) |   Latency (absolute)  |      Interval     | Pipeline|
    |   min   |   max   |    min    |    max    |   min   |   max   |   Type  |
    +---------+---------+-----------+-----------+---------+---------+---------+
    |  2972739|  3245427|  29.727 ms|  32.454 ms|  2972740|  3245428|     none|
    +---------+---------+-----------+-----------+---------+---------+---------+

    + Detail: 
        * Instance: 
        +---------------------------------------+---------------------------+---------+---------+-----------+-----------+------+------+---------+
        |                                       |                           |  Latency (cycles) |   Latency (absolute)  |   Interval  | Pipeline|
        |                Instance               |           Module          |   min   |   max   |    min    |    max    |  min |  max |   Type  |
        +---------------------------------------+---------------------------+---------+---------+-----------+-----------+------+------+---------+
        |grp_matMultiply_float_6_6_6_2_fu_3230  |matMultiply_float_6_6_6_2  |      169|      169|   1.690 us|   1.690 us|   169|   169|     none|
        |grp_matMultiply_float_6_6_6_4_fu_3243  |matMultiply_float_6_6_6_4  |      457|      913|   4.570 us|   9.130 us|   457|   913|     none|
        |grp_matMultiply_float_6_6_6_1_fu_3254  |matMultiply_float_6_6_6_1  |      949|      949|   9.490 us|   9.490 us|   949|   949|     none|
        |grp_matMultiply_float_6_6_6_s_fu_3262  |matMultiply_float_6_6_6_s  |     1813|     1813|  18.130 us|  18.130 us|  1813|  1813|     none|
        |grp_matMultiply_float_6_6_6_5_fu_3270  |matMultiply_float_6_6_6_5  |      907|      907|   9.070 us|   9.070 us|   907|   907|     none|
        |grp_matMultiply_float_6_6_6_3_fu_3278  |matMultiply_float_6_6_6_3  |      481|      481|   4.810 us|   4.810 us|   481|   481|     none|
        |grp_matMultiply_float_6_6_6_7_fu_3285  |matMultiply_float_6_6_6_7  |      313|      313|   3.130 us|   3.130 us|   313|   313|     none|
        |grp_matMultiply_float_6_6_6_6_fu_3293  |matMultiply_float_6_6_6_6  |      157|      157|   1.570 us|   1.570 us|   157|   157|     none|
        +---------------------------------------+---------------------------+---------+---------+-----------+-----------+------+------+---------+

        * Loop: 
        +----------------------+---------+---------+--------------+-----------+-----------+------+----------+
        |                      |  Latency (cycles) |   Iteration  |  Initiation Interval  | Trip |          |
        |       Loop Name      |   min   |   max   |    Latency   |  achieved |   target  | Count| Pipelined|
        +----------------------+---------+---------+--------------+-----------+-----------+------+----------+
        |- VITIS_LOOP_45_1     |     1800|     1800|             2|          1|          1|  1800|       yes|
        |- Loop 2              |       35|       35|             1|          1|          1|    35|       yes|
        |- VITIS_LOOP_76_2     |        6|        6|             2|          1|          1|     6|       yes|
        |- VITIS_LOOP_79_3     |  2969070|  3241758|  9930 ~ 10842|          -|          -|   299|        no|
        | + VITIS_LOOP_41_1    |       54|       54|             9|          -|          -|     6|        no|
        |  ++ VITIS_LOOP_44_2  |        7|        7|             7|          -|          -|     1|        no|
        | + VITIS_LOOP_41_1    |      300|      300|            50|          -|          -|     6|        no|
        |  ++ VITIS_LOOP_44_2  |       48|       48|             8|          -|          -|     6|        no|
        | + VITIS_LOOP_41_1    |       69|       69|            23|          -|          -|     3|        no|
        |  ++ VITIS_LOOP_44_2  |       21|       21|             7|          -|          -|     3|        no|
        | + VITIS_LOOP_41_1    |       54|       54|             9|          -|          -|     6|        no|
        |  ++ VITIS_LOOP_44_2  |        7|        7|             7|          -|          -|     1|        no|
        |- VITIS_LOOP_153_13   |     1800|     1800|             2|          1|          1|  1800|       yes|
        +----------------------+---------+---------+--------------+-----------+-----------+------+----------+



================================================================
== Utilization Estimates
================================================================
* Summary: 
+-----------------+---------+-----+--------+-------+-----+
|       Name      | BRAM_18K| DSP |   FF   |  LUT  | URAM|
+-----------------+---------+-----+--------+-------+-----+
|DSP              |        -|    -|       -|      -|    -|
|Expression       |        -|    -|       0|   1515|    -|
|FIFO             |        -|    -|       -|      -|    -|
|Instance         |        1|   16|    3121|   9482|    -|
|Memory           |       29|    -|    1088|     54|    -|
|Multiplexer      |        -|    -|       -|   4799|    -|
|Register         |        -|    -|    2024|      -|    -|
+-----------------+---------+-----+--------+-------+-----+
|Total            |       30|   16|    6233|  15850|    0|
+-----------------+---------+-----+--------+-------+-----+
|Available        |      432|  360|  141120|  70560|    0|
+-----------------+---------+-----+--------+-------+-----+
|Utilization (%)  |        6|    4|       4|     22|    0|
+-----------------+---------+-----+--------+-------+-----+

+ Detail: 
    * Instance: 
    +----------------------------------------+------------------------------------+---------+----+-----+------+-----+
    |                Instance                |               Module               | BRAM_18K| DSP|  FF |  LUT | URAM|
    +----------------------------------------+------------------------------------+---------+----+-----+------+-----+
    |AXI_CPU_s_axi_U                         |AXI_CPU_s_axi                       |        0|   0|  112|   168|    0|
    |faddfsub_32ns_32ns_32_5_full_dsp_1_U48  |faddfsub_32ns_32ns_32_5_full_dsp_1  |        0|   2|  205|   206|    0|
    |fdiv_32ns_32ns_32_10_no_dsp_1_U50       |fdiv_32ns_32ns_32_10_no_dsp_1       |        0|   0|    0|     0|    0|
    |fdiv_32ns_32ns_32_10_no_dsp_1_U51       |fdiv_32ns_32ns_32_10_no_dsp_1       |        0|   0|    0|     0|    0|
    |fmul_32ns_32ns_32_4_max_dsp_1_U52       |fmul_32ns_32ns_32_4_max_dsp_1       |        0|   3|  143|   140|    0|
    |fsub_32ns_32ns_32_5_full_dsp_1_U49      |fsub_32ns_32ns_32_5_full_dsp_1      |        0|   2|  205|   206|    0|
    |grp_matMultiply_float_6_6_6_1_fu_3254   |matMultiply_float_6_6_6_1           |        0|   0|  280|  1072|    0|
    |grp_matMultiply_float_6_6_6_2_fu_3230   |matMultiply_float_6_6_6_2           |        0|   3|  407|  1154|    0|
    |grp_matMultiply_float_6_6_6_3_fu_3278   |matMultiply_float_6_6_6_3           |        0|   0|  245|  1044|    0|
    |grp_matMultiply_float_6_6_6_4_fu_3243   |matMultiply_float_6_6_6_4           |        0|   3|  423|  1214|    0|
    |grp_matMultiply_float_6_6_6_5_fu_3270   |matMultiply_float_6_6_6_5           |        0|   0|  247|  1057|    0|
    |grp_matMultiply_float_6_6_6_6_fu_3293   |matMultiply_float_6_6_6_6           |        0|   0|  231|  1009|    0|
    |grp_matMultiply_float_6_6_6_7_fu_3285   |matMultiply_float_6_6_6_7           |        1|   0|  235|  1013|    0|
    |grp_matMultiply_float_6_6_6_s_fu_3262   |matMultiply_float_6_6_6_s           |        0|   3|  388|  1199|    0|
    +----------------------------------------+------------------------------------+---------+----+-----+------+-----+
    |Total                                   |                                    |        1|  16| 3121|  9482|    0|
    +----------------------------------------+------------------------------------+---------+----+-----+------+-----+

    * DSP: 
    N/A

    * Memory: 
    +--------------------+-----------------------------+---------+-----+----+-----+------+-----+------+-------------+
    |       Memory       |            Module           | BRAM_18K|  FF | LUT| URAM| Words| Bits| Banks| W*Bits*Banks|
    +--------------------+-----------------------------+---------+-----+----+-----+------+-----+------+-------------+
    |A_U                 |A                            |        1|    0|   0|    0|    36|   32|     1|         1152|
    |B_U                 |B                            |        0|   64|   9|    0|    18|   32|     1|          576|
    |K_U                 |K                            |        0|   64|   9|    0|    18|   32|     1|          576|
    |P_hat_U             |P_hat                        |        2|    0|   0|    0|    36|   32|     1|         1152|
    |P_plus_U            |P_hat                        |        2|    0|   0|    0|    36|   32|     1|         1152|
    |tmp_mat_2_U         |P_hat                        |        2|    0|   0|    0|    36|   32|     1|         1152|
    |P_minus_U           |P_minus                      |        2|    0|   0|    0|    36|   32|     1|         1152|
    |tmp_mat_3_U         |P_minus                      |        2|    0|   0|    0|    36|   32|     1|         1152|
    |Q_U                 |Q                            |        2|    0|   0|    0|    36|   32|     1|         1152|
    |P_U                 |Q                            |        2|    0|   0|    0|    36|   32|     1|         1152|
    |tmp_mat_1_U         |Q                            |        2|    0|   0|    0|    36|   32|     1|         1152|
    |R_U                 |R                            |        0|   64|   5|    0|     9|   32|     1|          288|
    |S_inv_U             |S_inv                        |        0|   64|   5|    0|     9|   32|     1|          288|
    |din_s_U             |din_s                        |        8|    0|   0|    0|  1800|   32|     1|        57600|
    |dout_s_U            |dout_s                       |        4|    0|   0|    0|  1800|   32|     1|        57600|
    |H_U                 |matMultiply_float_6_6_6_1_H  |        0|   32|   9|    0|    18|   32|     1|          576|
    |mat_out_assign_2_U  |mat_out_assign_2             |        0|  544|   5|    0|     9|   32|     1|          288|
    |x_hat_U             |x_hat                        |        0|   64|   3|    0|     6|   32|     1|          192|
    |x_U                 |x_hat                        |        0|   64|   3|    0|     6|   32|     1|          192|
    |x_minus_U           |x_minus                      |        0|   64|   3|    0|     6|   32|     1|          192|
    |x_plus_U            |x_plus                       |        0|   64|   3|    0|     6|   32|     1|          192|
    +--------------------+-----------------------------+---------+-----+----+-----+------+-----+------+-------------+
    |Total               |                             |       29| 1088|  54|    0|  4029|  672|    21|       128928|
    +--------------------+-----------------------------+---------+-----+----+-----+------+-----+------+-------------+

    * FIFO: 
    N/A

    * Expression: 
    +----------------------------------+----------+----+---+----+------------+------------+
    |           Variable Name          | Operation| DSP| FF| LUT| Bitwidth P0| Bitwidth P1|
    +----------------------------------+----------+----+---+----+------------+------------+
    |add_ln100_1_fu_3494_p2            |         +|   0|  0|  18|          11|           4|
    |add_ln100_fu_3483_p2              |         +|   0|  0|  18|          11|           3|
    |add_ln149_1_fu_3747_p2            |         +|   0|  0|  18|          11|           2|
    |add_ln149_2_fu_3757_p2            |         +|   0|  0|  18|          11|           3|
    |add_ln149_3_fu_3767_p2            |         +|   0|  0|  18|          11|           3|
    |add_ln149_fu_3737_p2              |         +|   0|  0|  18|          11|           2|
    |add_ln153_fu_4227_p2              |         +|   0|  0|  18|          11|           1|
    |add_ln41_1_fu_3533_p2             |         +|   0|  0|  10|           3|           1|
    |add_ln41_2_fu_3598_p2             |         +|   0|  0|   9|           2|           1|
    |add_ln41_3_fu_3658_p2             |         +|   0|  0|  10|           3|           1|
    |add_ln41_fu_3505_p2               |         +|   0|  0|  10|           3|           1|
    |add_ln44_1_fu_3632_p2             |         +|   0|  0|   9|           2|           1|
    |add_ln44_fu_3571_p2               |         +|   0|  0|  10|           3|           1|
    |add_ln45_fu_3377_p2               |         +|   0|  0|  18|          11|           1|
    |add_ln48_1_fu_3587_p2             |         +|   0|  0|  13|           6|           6|
    |add_ln48_2_fu_3648_p2             |         +|   0|  0|  12|           5|           5|
    |add_ln48_3_fu_3680_p2             |         +|   0|  0|  10|           3|           3|
    |add_ln48_fu_3521_p2               |         +|   0|  0|  10|           3|           3|
    |add_ln76_fu_3416_p2               |         +|   0|  0|  10|           3|           1|
    |add_ln79_fu_3670_p2               |         +|   0|  0|  16|           9|           1|
    |add_ln99_1_fu_3450_p2             |         +|   0|  0|  18|          11|           3|
    |add_ln99_2_fu_3461_p2             |         +|   0|  0|  18|          11|           3|
    |add_ln99_fu_3439_p2               |         +|   0|  0|  18|          11|           2|
    |empty_47_fu_3399_p2               |         +|   0|  0|  13|           6|           1|
    |indvars_iv_next170_fu_3472_p2     |         +|   0|  0|  18|          11|           3|
    |empty_48_fu_3565_p2               |         -|   0|  0|  13|           6|           6|
    |empty_49_fu_3626_p2               |         -|   0|  0|  12|           5|           5|
    |empty_51_fu_3715_p2               |         -|   0|  0|  18|          11|          11|
    |exitcond17938_fu_3405_p2          |      icmp|   0|  0|  10|           6|           6|
    |icmp_ln153_fu_4233_p2             |      icmp|   0|  0|  11|          11|           9|
    |icmp_ln41_1_fu_3539_p2            |      icmp|   0|  0|   8|           3|           3|
    |icmp_ln41_2_fu_3608_p2            |      icmp|   0|  0|   8|           2|           2|
    |icmp_ln41_3_fu_3664_p2            |      icmp|   0|  0|   8|           3|           3|
    |icmp_ln41_fu_3511_p2              |      icmp|   0|  0|   8|           3|           3|
    |icmp_ln44_1_fu_3642_p2            |      icmp|   0|  0|   8|           2|           2|
    |icmp_ln44_fu_3581_p2              |      icmp|   0|  0|   8|           3|           3|
    |icmp_ln45_fu_3383_p2              |      icmp|   0|  0|  11|          11|           9|
    |icmp_ln76_fu_3422_p2              |      icmp|   0|  0|   8|           3|           3|
    |icmp_ln79_fu_3433_p2              |      icmp|   0|  0|  11|           9|           9|
    |ap_block_state33_on_subcall_done  |        or|   0|  0|   2|           1|           1|
    |or_ln149_fu_3726_p2               |        or|   0|  0|  11|          11|           1|
    |ap_enable_pp0                     |       xor|   0|  0|   2|           1|           2|
    |ap_enable_pp2                     |       xor|   0|  0|   2|           1|           2|
    |ap_enable_pp3                     |       xor|   0|  0|   2|           1|           2|
    |ap_enable_reg_pp0_iter1           |       xor|   0|  0|   2|           2|           1|
    |ap_enable_reg_pp2_iter1           |       xor|   0|  0|   2|           2|           1|
    |ap_enable_reg_pp3_iter1           |       xor|   0|  0|   2|           2|           1|
    |xor_ln68_10_fu_3931_p2            |       xor|   0|  0|  33|          32|          33|
    |xor_ln68_11_fu_3946_p2            |       xor|   0|  0|  33|          32|          33|
    |xor_ln68_12_fu_3961_p2            |       xor|   0|  0|  33|          32|          33|
    |xor_ln68_13_fu_3976_p2            |       xor|   0|  0|  33|          32|          33|
    |xor_ln68_14_fu_3991_p2            |       xor|   0|  0|  33|          32|          33|
    |xor_ln68_15_fu_4006_p2            |       xor|   0|  0|  33|          32|          33|
    |xor_ln68_16_fu_4021_p2            |       xor|   0|  0|  33|          32|          33|
    |xor_ln68_17_fu_4036_p2            |       xor|   0|  0|  33|          32|          33|
    |xor_ln68_18_fu_4051_p2            |       xor|   0|  0|  33|          32|          33|
    |xor_ln68_19_fu_4066_p2            |       xor|   0|  0|  33|          32|          33|
    |xor_ln68_1_fu_3796_p2             |       xor|   0|  0|  33|          32|          33|
    |xor_ln68_20_fu_4081_p2            |       xor|   0|  0|  33|          32|          33|
    |xor_ln68_21_fu_4096_p2            |       xor|   0|  0|  33|          32|          33|
    |xor_ln68_22_fu_4111_p2            |       xor|   0|  0|  33|          32|          33|
    |xor_ln68_23_fu_4126_p2            |       xor|   0|  0|  33|          32|          33|
    |xor_ln68_24_fu_4141_p2            |       xor|   0|  0|  33|          32|          33|
    |xor_ln68_25_fu_4156_p2            |       xor|   0|  0|  33|          32|          33|
    |xor_ln68_26_fu_4171_p2            |       xor|   0|  0|  33|          32|          33|
    |xor_ln68_27_fu_4186_p2            |       xor|   0|  0|  33|          32|          33|
    |xor_ln68_28_fu_4201_p2            |       xor|   0|  0|  33|          32|          33|
    |xor_ln68_29_fu_4216_p2            |       xor|   0|  0|  33|          32|          33|
    |xor_ln68_2_fu_3811_p2             |       xor|   0|  0|  33|          32|          33|
    |xor_ln68_3_fu_3826_p2             |       xor|   0|  0|  33|          32|          33|
    |xor_ln68_4_fu_3841_p2             |       xor|   0|  0|  33|          32|          33|
    |xor_ln68_5_fu_3856_p2             |       xor|   0|  0|  33|          32|          33|
    |xor_ln68_6_fu_3871_p2             |       xor|   0|  0|  33|          32|          33|
    |xor_ln68_7_fu_3886_p2             |       xor|   0|  0|  33|          32|          33|
    |xor_ln68_8_fu_3901_p2             |       xor|   0|  0|  33|          32|          33|
    |xor_ln68_9_fu_3916_p2             |       xor|   0|  0|  33|          32|          33|
    |xor_ln68_fu_3781_p2               |       xor|   0|  0|  33|          32|          33|
    +----------------------------------+----------+----+---+----+------------+------------+
    |Total                             |          |   0|  0|1515|        1242|        1131|
    +----------------------------------+----------+----+---+----+------------+------------+

    * Multiplexer: 
    +-------------------------------------------------------+-----+-----------+-----+-----------+
    |                          Name                         | LUT | Input Size| Bits| Total Bits|
    +-------------------------------------------------------+-----+-----------+-----+-----------+
    |A_address0                                             |   14|          3|    6|         18|
    |A_ce0                                                  |    9|          2|    1|          2|
    |B_ce0                                                  |    9|          2|    1|          2|
    |H_address0                                             |   20|          4|    5|         20|
    |H_ce0                                                  |   14|          3|    1|          3|
    |K_address0                                             |   20|          4|    5|         20|
    |K_ce0                                                  |   20|          4|    1|          4|
    |K_we0                                                  |    9|          2|    1|          2|
    |P_address0                                             |  100|         20|    6|        120|
    |P_address1                                             |   93|         19|    6|        114|
    |P_ce0                                                  |   14|          3|    1|          3|
    |P_d0                                                   |   26|          5|   32|        160|
    |P_d1                                                   |   26|          5|   32|        160|
    |P_hat_address0                                         |  148|         32|    6|        192|
    |P_hat_address1                                         |  145|         31|    6|        186|
    |P_hat_d0                                               |   20|          4|   32|        128|
    |P_hat_d1                                               |   14|          3|   32|         96|
    |P_hat_load_0_reg_3019                                  |    9|          2|   32|         64|
    |P_hat_load_14_reg_2994                                 |    9|          2|   32|         64|
    |P_hat_load_21_reg_2981                                 |    9|          2|   32|         64|
    |P_hat_load_28_reg_2968                                 |    9|          2|   32|         64|
    |P_hat_load_35_reg_2955                                 |    9|          2|   32|         64|
    |P_hat_load_7_reg_3007                                  |    9|          2|   32|         64|
    |P_minus_address0                                       |  116|         23|    6|        138|
    |P_minus_address1                                       |   93|         19|    6|        114|
    |P_minus_ce0                                            |   26|          5|    1|          5|
    |P_plus_address0                                        |  100|         20|    6|        120|
    |P_plus_address1                                        |   93|         19|    6|        114|
    |P_plus_ce0                                             |   14|          3|    1|          3|
    |P_plus_d0                                              |   20|          4|   32|        128|
    |P_plus_d1                                              |   14|          3|   32|         96|
    |P_plus_we0                                             |   14|          3|    1|          3|
    |Q_address0                                             |  100|         20|    6|        120|
    |Q_address1                                             |   93|         19|    6|        114|
    |Q_d0                                                   |   14|          3|   32|         96|
    |Q_d1                                                   |   14|          3|   32|         96|
    |R_address0                                             |   31|          6|    4|         24|
    |R_address1                                             |   31|          6|    4|         24|
    |R_d0                                                   |   14|          3|   32|         96|
    |R_d1                                                   |   14|          3|   32|         96|
    |S_inv_address0                                         |   37|          7|    4|         28|
    |S_inv_address1                                         |   26|          5|    4|         20|
    |S_inv_ce0                                              |   14|          3|    1|          3|
    |S_inv_d0                                               |   20|          4|   32|        128|
    |S_inv_d1                                               |   14|          3|   32|         96|
    |addr_in_ptr_reg_3113                                   |    9|          2|   11|         22|
    |ap_NS_fsm                                              |  963|        182|    1|        182|
    |ap_enable_reg_pp0_iter1                                |   14|          3|    1|          3|
    |ap_enable_reg_pp2_iter1                                |   14|          3|    1|          3|
    |ap_enable_reg_pp3_iter1                                |   14|          3|    1|          3|
    |din_s_address0                                         |   31|          6|   11|         66|
    |din_s_address1                                         |   20|          4|   11|         44|
    |din_s_address2                                         |   14|          3|   11|         33|
    |dout_s_address0                                        |   26|          5|   11|         55|
    |dout_s_address1                                        |   26|          5|   11|         55|
    |dout_s_d0                                              |   14|          3|   32|         96|
    |empty_reg_2933                                         |    9|          2|    6|         12|
    |grp_fu_3301_opcode                                     |   14|          3|    2|          6|
    |grp_fu_3301_p0                                         |   43|          8|   32|        256|
    |grp_fu_3301_p1                                         |   43|          8|   32|        256|
    |grp_fu_3306_p0                                         |   14|          3|   32|         96|
    |grp_fu_3306_p1                                         |   26|          5|   32|        160|
    |grp_fu_3316_p1                                         |   14|          3|   32|         96|
    |grp_fu_5987_ce                                         |   31|          6|    1|          6|
    |grp_fu_5987_p0                                         |   26|          5|   32|        160|
    |grp_fu_5987_p1                                         |   26|          5|   32|        160|
    |grp_matMultiply_float_6_6_6_2_fu_3230_mat_in_L_q0      |   14|          3|   32|         96|
    |grp_matMultiply_float_6_6_6_2_fu_3230_mat_in_R_0_read  |   14|          3|   32|         96|
    |grp_matMultiply_float_6_6_6_2_fu_3230_mat_in_R_1_read  |   14|          3|   32|         96|
    |grp_matMultiply_float_6_6_6_2_fu_3230_mat_in_R_2_read  |   14|          3|   32|         96|
    |grp_matMultiply_float_6_6_6_4_fu_3243_L                |   14|          3|    3|          9|
    |grp_matMultiply_float_6_6_6_4_fu_3243_mat_in_L_q0      |   14|          3|   32|         96|
    |grp_matMultiply_float_6_6_6_s_fu_3262_mat_in_L_q0      |   14|          3|   32|         96|
    |grp_matMultiply_float_6_6_6_s_fu_3262_mat_in_R_q0      |   20|          4|   32|        128|
    |i_1_reg_2944                                           |    9|          2|    3|          6|
    |i_2_reg_3101                                           |    9|          2|    9|         18|
    |i_3_reg_3219                                           |    9|          2|   11|         22|
    |i_4_reg_3125                                           |    9|          2|    3|          6|
    |i_5_reg_3150                                           |    9|          2|    3|          6|
    |i_6_reg_3172                                           |    9|          2|    2|          4|
    |i_7_reg_3194                                           |    9|          2|    3|          6|
    |i_reg_2922                                             |    9|          2|   11|         22|
    |j_1_reg_3161                                           |    9|          2|    3|          6|
    |j_2_reg_3183                                           |    9|          2|    2|          4|
    |mat_out_assign_2_address0                              |   20|          4|    4|         16|
    |reg_3344                                               |    9|          2|   32|         64|
    |reg_3351                                               |    9|          2|   32|         64|
    |tmp_mat_1_address0                                     |  116|         23|    6|        138|
    |tmp_mat_1_address1                                     |   93|         19|    6|        114|
    |tmp_mat_1_ce0                                          |   26|          5|    1|          5|
    |tmp_mat_1_d0                                           |   93|         19|   32|        608|
    |tmp_mat_1_d1                                           |   81|         17|   32|        544|
    |tmp_mat_1_we0                                          |   20|          4|    1|          4|
    |tmp_mat_2_address0                                     |  159|         35|    6|        210|
    |tmp_mat_2_address1                                     |  145|         31|    6|        186|
    |tmp_mat_2_ce0                                          |   31|          6|    1|          6|
    |tmp_mat_2_d0                                           |   37|          7|   32|        224|
    |tmp_mat_2_d1                                           |   20|          4|   32|        128|
    |tmp_mat_2_we0                                          |   26|          5|    1|          5|
    |tmp_mat_3_address0                                     |   59|         11|    6|         66|
    |tmp_mat_3_address1                                     |   14|          3|    6|         18|
    |tmp_mat_3_ce0                                          |   49|          9|    1|          9|
    |tmp_mat_3_d0                                           |   31|          6|   32|        192|
    |tmp_mat_3_we0                                          |   31|          6|    1|          6|
    |x_address0                                             |   26|          5|    3|         15|
    |x_address1                                             |   20|          4|    3|         12|
    |x_ce0                                                  |   14|          3|    1|          3|
    |x_d0                                                   |   20|          4|   32|        128|
    |x_d1                                                   |   20|          4|   32|        128|
    |x_hat_address0                                         |   43|          8|    3|         24|
    |x_hat_address1                                         |   37|          7|    3|         21|
    |x_hat_d0                                               |   26|          5|   32|        160|
    |x_hat_d1                                               |   31|          6|   32|        192|
    |x_hat_load_1_0_reg_3091                                |    9|          2|   32|         64|
    |x_hat_load_1_1_reg_3081                                |    9|          2|   32|         64|
    |x_hat_load_1_2_reg_3070                                |    9|          2|   32|         64|
    |x_hat_load_1_3_reg_3057                                |    9|          2|   32|         64|
    |x_hat_load_1_4_reg_3044                                |    9|          2|   32|         64|
    |x_hat_load_1_5_reg_3031                                |    9|          2|   32|         64|
    |x_minus_address0                                       |   31|          6|    3|         18|
    |x_minus_address1                                       |   26|          5|    3|         15|
    |x_minus_ce0                                            |   14|          3|    1|          3|
    |x_plus_address0                                        |   37|          7|    3|         21|
    |x_plus_address1                                        |   31|          6|    3|         18|
    |x_plus_d0                                              |   20|          4|   32|        128|
    |x_plus_d1                                              |   14|          3|   32|         96|
    +-------------------------------------------------------+-----+-----------+-----+-----------+
    |Total                                                  | 4799|        964| 1970|       9832|
    +-------------------------------------------------------+-----+-----------+-----+-----------+

    * Register: 
    +----------------------------------------------------+-----+----+-----+-----------+
    |                        Name                        |  FF | LUT| Bits| Const Bits|
    +----------------------------------------------------+-----+----+-----+-----------+
    |P_hat_load_0_reg_3019                               |   32|   0|   32|          0|
    |P_hat_load_14_reg_2994                              |   32|   0|   32|          0|
    |P_hat_load_21_reg_2981                              |   32|   0|   32|          0|
    |P_hat_load_28_reg_2968                              |   32|   0|   32|          0|
    |P_hat_load_35_reg_2955                              |   32|   0|   32|          0|
    |P_hat_load_7_reg_3007                               |   32|   0|   32|          0|
    |P_plus_load_14_reg_5948                             |   32|   0|   32|          0|
    |P_plus_load_21_reg_5953                             |   32|   0|   32|          0|
    |P_plus_load_28_reg_5958                             |   32|   0|   32|          0|
    |P_plus_load_7_reg_5943                              |   32|   0|   32|          0|
    |P_plus_load_reg_5938                                |   32|   0|   32|          0|
    |Q_load_reg_5759                                     |   32|   0|   32|          0|
    |add_ln41_1_reg_5723                                 |    3|   0|    3|          0|
    |add_ln41_2_reg_5779                                 |    2|   0|    2|          0|
    |add_ln41_3_reg_5841                                 |    3|   0|    3|          0|
    |add_ln41_reg_5695                                   |    3|   0|    3|          0|
    |add_ln44_1_reg_5792                                 |    2|   0|    2|          0|
    |add_ln44_reg_5736                                   |    3|   0|    3|          0|
    |add_ln79_reg_5849                                   |    9|   0|    9|          0|
    |addr_in_ptr_reg_3113                                |   11|   0|   11|          0|
    |ap_CS_fsm                                           |  181|   0|  181|          0|
    |ap_enable_reg_pp0_iter0                             |    1|   0|    1|          0|
    |ap_enable_reg_pp0_iter1                             |    1|   0|    1|          0|
    |ap_enable_reg_pp2_iter0                             |    1|   0|    1|          0|
    |ap_enable_reg_pp2_iter1                             |    1|   0|    1|          0|
    |ap_enable_reg_pp3_iter0                             |    1|   0|    1|          0|
    |ap_enable_reg_pp3_iter1                             |    1|   0|    1|          0|
    |din_load_1_reg_4325                                 |   32|   0|   32|          0|
    |din_load_2_reg_4335                                 |   32|   0|   32|          0|
    |din_load_46_reg_4300                                |   32|   0|   32|          0|
    |div_i_1_reg_5836                                    |   32|   0|   32|          0|
    |empty_48_reg_5731                                   |    5|   0|    6|          1|
    |empty_49_reg_5787                                   |    5|   0|    5|          0|
    |empty_51_reg_5885                                   |   10|   0|   11|          1|
    |empty_reg_2933                                      |    6|   0|    6|          0|
    |grp_matMultiply_float_6_6_6_1_fu_3254_ap_start_reg  |    1|   0|    1|          0|
    |grp_matMultiply_float_6_6_6_2_fu_3230_ap_start_reg  |    1|   0|    1|          0|
    |grp_matMultiply_float_6_6_6_3_fu_3278_ap_start_reg  |    1|   0|    1|          0|
    |grp_matMultiply_float_6_6_6_4_fu_3243_ap_start_reg  |    1|   0|    1|          0|
    |grp_matMultiply_float_6_6_6_5_fu_3270_ap_start_reg  |    1|   0|    1|          0|
    |grp_matMultiply_float_6_6_6_6_fu_3293_ap_start_reg  |    1|   0|    1|          0|
    |grp_matMultiply_float_6_6_6_7_fu_3285_ap_start_reg  |    1|   0|    1|          0|
    |grp_matMultiply_float_6_6_6_s_fu_3262_ap_start_reg  |    1|   0|    1|          0|
    |i_1_cast_reg_4387                                   |    3|   0|   64|         61|
    |i_1_reg_2944                                        |    3|   0|    3|          0|
    |i_2_reg_3101                                        |    9|   0|    9|          0|
    |i_3_cast_reg_5977                                   |   11|   0|   64|         53|
    |i_3_reg_3219                                        |   11|   0|   11|          0|
    |i_4_reg_3125                                        |    3|   0|    3|          0|
    |i_5_reg_3150                                        |    3|   0|    3|          0|
    |i_6_reg_3172                                        |    2|   0|    2|          0|
    |i_7_reg_3194                                        |    3|   0|    3|          0|
    |i_cast_reg_4270                                     |   11|   0|   64|         53|
    |i_reg_2922                                          |   11|   0|   11|          0|
    |icmp_ln153_reg_5973                                 |    1|   0|    1|          0|
    |icmp_ln45_reg_4266                                  |    1|   0|    1|          0|
    |icmp_ln76_reg_4383                                  |    1|   0|    1|          0|
    |indvars_iv_next170_reg_5675                         |   11|   0|   11|          0|
    |j_1_reg_3161                                        |    3|   0|    3|          0|
    |j_2_reg_3183                                        |    2|   0|    2|          0|
    |j_3_reg_3206                                        |    1|   0|    1|          0|
    |j_reg_3137                                          |    1|   0|    1|          0|
    |mat_out_assign_2_load_1_reg_5826                    |   32|   0|   32|          0|
    |mat_out_assign_2_load_2_reg_5831                    |   32|   0|   32|          0|
    |mat_out_assign_2_load_reg_5821                      |   32|   0|   32|          0|
    |q_read_reg_4255                                     |   32|   0|   32|          0|
    |r_read_reg_4249                                     |   32|   0|   32|          0|
    |reg_3326                                            |   32|   0|   32|          0|
    |reg_3332                                            |   32|   0|   32|          0|
    |reg_3338                                            |   32|   0|   32|          0|
    |reg_3344                                            |   32|   0|   32|          0|
    |reg_3351                                            |   32|   0|   32|          0|
    |reg_3358                                            |   32|   0|   32|          0|
    |reg_3365                                            |   32|   0|   32|          0|
    |reg_3371                                            |   32|   0|   32|          0|
    |sext_ln48_reg_5800                                  |   64|   0|   64|          0|
    |tmp_mat_1_load_reg_5718                             |   32|   0|   32|          0|
    |tmp_mat_2_load_14_reg_5918                          |   32|   0|   32|          0|
    |tmp_mat_2_load_21_reg_5923                          |   32|   0|   32|          0|
    |tmp_mat_2_load_28_reg_5928                          |   32|   0|   32|          0|
    |tmp_mat_2_load_35_reg_5933                          |   32|   0|   32|          0|
    |tmp_mat_2_load_7_reg_5903                           |   32|   0|   32|          0|
    |tmp_mat_3_load_1_reg_5764                           |   32|   0|   32|          0|
    |tmp_mat_3_load_2_reg_5769                           |   32|   0|   32|          0|
    |x_hat_load_1_0_reg_3091                             |   32|   0|   32|          0|
    |x_hat_load_1_1_reg_3081                             |   32|   0|   32|          0|
    |x_hat_load_1_2_reg_3070                             |   32|   0|   32|          0|
    |x_hat_load_1_3_reg_3057                             |   32|   0|   32|          0|
    |x_hat_load_1_4_reg_3044                             |   32|   0|   32|          0|
    |x_hat_load_1_5_reg_3031                             |   32|   0|   32|          0|
    |x_plus_load_1_reg_5880                              |   32|   0|   32|          0|
    |x_plus_load_2_reg_5893                              |   32|   0|   32|          0|
    |x_plus_load_3_reg_5898                              |   32|   0|   32|          0|
    |x_plus_load_4_reg_5908                              |   32|   0|   32|          0|
    |x_plus_load_5_reg_5913                              |   32|   0|   32|          0|
    |x_plus_load_reg_5875                                |   32|   0|   32|          0|
    |y_bar_2_reg_5774                                    |   32|   0|   32|          0|
    |zext_ln48_1_reg_5744                                |    6|   0|   64|         58|
    |zext_ln48_2_reg_5854                                |    3|   0|   64|         61|
    |zext_ln48_reg_5703                                  |    3|   0|   64|         61|
    +----------------------------------------------------+-----+----+-----+-----------+
    |Total                                               | 2024|   0| 2373|        349|
    +----------------------------------------------------+-----+----+-----+-----------+



================================================================
== Interface
================================================================
* Summary: 
+-----------------------+-----+-----+------------+--------------------+--------------+
|       RTL Ports       | Dir | Bits|  Protocol  |    Source Object   |    C Type    |
+-----------------------+-----+-----+------------+--------------------+--------------+
|s_axi_AXI_CPU_AWVALID  |   in|    1|       s_axi|             AXI_CPU|        scalar|
|s_axi_AXI_CPU_AWREADY  |  out|    1|       s_axi|             AXI_CPU|        scalar|
|s_axi_AXI_CPU_AWADDR   |   in|    5|       s_axi|             AXI_CPU|        scalar|
|s_axi_AXI_CPU_WVALID   |   in|    1|       s_axi|             AXI_CPU|        scalar|
|s_axi_AXI_CPU_WREADY   |  out|    1|       s_axi|             AXI_CPU|        scalar|
|s_axi_AXI_CPU_WDATA    |   in|   32|       s_axi|             AXI_CPU|        scalar|
|s_axi_AXI_CPU_WSTRB    |   in|    4|       s_axi|             AXI_CPU|        scalar|
|s_axi_AXI_CPU_ARVALID  |   in|    1|       s_axi|             AXI_CPU|        scalar|
|s_axi_AXI_CPU_ARREADY  |  out|    1|       s_axi|             AXI_CPU|        scalar|
|s_axi_AXI_CPU_ARADDR   |   in|    5|       s_axi|             AXI_CPU|        scalar|
|s_axi_AXI_CPU_RVALID   |  out|    1|       s_axi|             AXI_CPU|        scalar|
|s_axi_AXI_CPU_RREADY   |   in|    1|       s_axi|             AXI_CPU|        scalar|
|s_axi_AXI_CPU_RDATA    |  out|   32|       s_axi|             AXI_CPU|        scalar|
|s_axi_AXI_CPU_RRESP    |  out|    2|       s_axi|             AXI_CPU|        scalar|
|s_axi_AXI_CPU_BVALID   |  out|    1|       s_axi|             AXI_CPU|        scalar|
|s_axi_AXI_CPU_BREADY   |   in|    1|       s_axi|             AXI_CPU|        scalar|
|s_axi_AXI_CPU_BRESP    |  out|    2|       s_axi|             AXI_CPU|        scalar|
|ap_clk                 |   in|    1|  ap_ctrl_hs|  KalmanFilterKernel|  return value|
|ap_rst_n               |   in|    1|  ap_ctrl_hs|  KalmanFilterKernel|  return value|
|interrupt              |  out|    1|  ap_ctrl_hs|  KalmanFilterKernel|  return value|
|din_address0           |  out|   11|   ap_memory|                 din|         array|
|din_ce0                |  out|    1|   ap_memory|                 din|         array|
|din_q0                 |   in|   32|   ap_memory|                 din|         array|
|dout_address0          |  out|   11|   ap_memory|                dout|         array|
|dout_ce0               |  out|    1|   ap_memory|                dout|         array|
|dout_we0               |  out|    1|   ap_memory|                dout|         array|
|dout_d0                |  out|   32|   ap_memory|                dout|         array|
+-----------------------+-----+-----+------------+--------------------+--------------+

